{
  "true": {
    "upper": true,
    "lower": true,
    "mixed": true
  },
  "false": {
    "upper": false,
    "lower": false,
    "mixed": false
  }
}
