public: must be a positive integer: value was -1
private: must be a positive integer
