{
    "public": "public",
    "privateString": "private",
    "privateNat": 1,
    "privateNull": null
}
