{
    "env":"local",
    "URL":"https://browserid.org",
    "var_path":"/home/browserid/var",
    "use_minified_resources": false
}
