{
  "top": {
    "middle": {
      "leaf": "foo",
      "leaf2": "bar"
    },
    "internal_leaf": "baz"
  }
}
