{
  "env": "local",
  "nested": {
    "value": "root"
  },
  "root": "/path/to/root",
  "configPath": "/path/to/root/config",
  "config": "/path/to/root/config/local.json"
}
