{
  "boolTrue": true,
  "boolFalse": false,
  "int": 77,
  "intCoerced": 3,
  "nat": 666,
  "natCoerced": 3,
  "num": 789.1011,
  "array": ["a", "b", "c"],
  "object": {"foo": "bar"},
  "regexp": {}
}
