configuration param 'top.middle.leaf' missing from config, did you override its parent?
