{
  "shorthand": "value",
  "basic": true,
  "doc": null,
  "format": 1,
  "typeFormat": true,
  "env": "",
  "arg": false,
  "sensitive": "password",
  "combined": "hello",
  "nested": {
    "child": "ababa"
  }
}
