{
    "item": "public",
    "parent": {
        "item": "private"
    }
}
