'unknownFormat' uses an unknown format type: unknownFormat
