{
  "ip": "10.0.1.101",
  "port": 8080,
  "session": 345600000,
  "cache": 3000
}
