{
  "server": {
    "port": 5000
  },
  "ui": {
    "port": 4000
  }
}